WARNING:tensorflow:From C:\Users\caspar\anaconda3\envs\VideoAnnotator\Lib\site-packages\tf_keras\src\losses.py:2976: The name tf.losses.sparse_softmax_cross_entropy is deprecated. Please use tf.compat.v1.losses.sparse_softmax_cross_entropy instead.

2025-07-14 11:49:50,976 - __main__ - INFO - ==================================================
2025-07-14 11:49:50,977 - __main__ - INFO - Testing LAION Voice Pipeline
2025-07-14 11:49:50,977 - __main__ - INFO - ==================================================
2025-07-14 11:49:50,977 - src.pipelines.audio_processing.laion_voice_pipeline - INFO - Initializing LAIONVoicePipeline with model_size: small
2025-07-14 11:49:51,027 - src.pipelines.audio_processing.laion_voice_pipeline - INFO - Loading Whisper model 'mkrausio/EmoWhisper-AnS-Small-v0.1' to cuda
2025-07-14 11:49:54,152 - src.pipelines.audio_processing.laion_voice_pipeline - INFO - Whisper model 'mkrausio/EmoWhisper-AnS-Small-v0.1' loaded successfully
2025-07-14 11:49:54,153 - src.pipelines.audio_processing.laion_voice_pipeline - INFO - Loading emotion classifiers from laion/Empathic-Insight-Voice-Small
2025-07-14 11:50:24,972 - src.pipelines.audio_processing.laion_voice_pipeline - INFO - Loaded 43/43 emotion classifiers
2025-07-14 11:50:24,972 - src.pipelines.audio_processing.laion_voice_pipeline - INFO - Model info set: mkrausio/EmoWhisper-AnS-Small-v0.1
2025-07-14 11:50:24,972 - src.pipelines.audio_processing.laion_voice_pipeline - INFO - LAIONVoicePipeline initialized with device: cuda
Traceback (most recent call last):
  File "C:\Users\caspar\OneDrive\Code\VideoAnnotator\examples\test_laion_voice_pipeline.py", line 120, in <module>
    test_laion_voice_pipeline(args.video_path, args.output_dir, config)
  File "C:\Users\caspar\OneDrive\Code\VideoAnnotator\examples\test_laion_voice_pipeline.py", line 56, in test_laion_voice_pipeline
    pipeline_info = pipeline.get_pipeline_info()
                    ^^^^^^^^^^^^^^^^^^^^^^^^^^^^
  File "C:\Users\caspar\OneDrive\Code\VideoAnnotator\src\pipelines\audio_processing\laion_voice_pipeline.py", line 1018, in get_pipeline_info
    "variant": self.config["model_variant"],
               ~~~~~~~~~~~^^^^^^^^^^^^^^^^^
KeyError: 'model_variant'
